Load Map - Mon Mar 18 16:41:26 GMT 2019

Main class:       ManeuverWithServo
Classes:          53
Interfaces:       3
Methods:          119
Constants:        73
Instance fields:  77
Static fields:    22
Static data size: 100
Code size:        6365
Start address:    8000
End address:      98dc

80dc 80dd java.lang.Object.<init>()
80e2 80f5 java.lang.Object.getClass()
80ff 8113 java.lang.Object.clone()
811d 8141 java.lang.Object.toString()
8228 8239 java.lang.Thread.run()
823e 8244 java.lang.Thread.setName(java.lang.String)
8248 8273 java.lang.Thread.sleep(long)
8277 827c java.lang.Thread.<clinit>()
828a 8290 java.lang.Thread.<init>()
8294 82ac java.lang.Thread.<init>(java.lang.Runnable)
82b0 82cf java.lang.Thread.<init>(java.lang.Runnable, java.lang.String)
82d9 8309 java.lang.Thread.toString()
8313 8318 java.lang.Thread.getName()
8372 83b1 com.ridgesoft.intellibrain.StartupThread.run()
83fd 8407 java.lang.String.createString(byte[])
840b 841a java.lang.String.<init>(byte[], int)
841e 842f java.lang.String.<init>()
8433 8448 java.lang.String.<init>(byte[])
844d 8458 java.lang.String.getBytes()
845d 8463 java.lang.String.length()
8468 848a java.lang.String.getBytes(int, int, byte[], int)
848e 84be java.lang.String.<init>(char[], int, int)
84c2 84ec java.lang.String.<init>(byte[], int, int)
84f0 84f5 java.lang.String.valueOf(java.lang.Object)
84fa 84fc java.lang.String.toString()
8590 868e java.lang.Throwable.vmThrow(int)
869a 86bf java.lang.Throwable.<init>()
86cc 8771 java.lang.Throwable.printStackTrace()
8775 879c java.lang.Throwable.<clinit>()
87a5 87ad java.lang.Throwable.init()
87b9 87fb java.lang.Throwable.<init>(java.lang.String)
88a1 88ab java.lang.InternalError.<init>()
88af 88ba java.lang.InternalError.<init>(java.lang.String)
88e9 88f3 java.lang.OutOfMemoryError.<init>()
88f7 8902 java.lang.OutOfMemoryError.<init>(java.lang.String)
8933 893d java.lang.StackOverflowError.<init>()
8941 894c java.lang.StackOverflowError.<init>(java.lang.String)
8d22 8d5a ManeuverWithServo.main(java.lang.String[])
8d8e 8da4 java.io.OutputStream.write(byte[])
8dae 8daf java.io.OutputStream.flush()
8db4 8dd2 java.io.OutputStream.write(byte[], int, int)
8e0d 8e17 java.io.FilterOutputStream.<init>(java.io.OutputStream)
8e1c 8e25 java.io.FilterOutputStream.write(byte[])
8e2a 8e33 java.io.FilterOutputStream.write(int)
8e38 8e40 java.io.FilterOutputStream.flush()
8e45 8e50 java.io.FilterOutputStream.write(byte[], int, int)
8e83 8e8e java.io.PrintStream.<init>(java.io.OutputStream)
8e93 8e9d java.io.PrintStream.println(java.lang.String)
8eaa 8ec1 java.io.PrintStream.print(java.lang.String)
8ece 8ee8 java.io.PrintStream.println()
8f22 8f31 com.ridgesoft.io.OutputStreamTee.<init>(java.io.OutputStream, java.io.OutputStream)
8f45 8f5e com.ridgesoft.io.OutputStreamTee.write(byte[])
8f72 8f8b com.ridgesoft.io.OutputStreamTee.write(int)
8f9f 8fb6 com.ridgesoft.io.OutputStreamTee.flush()
8fca 8fe7 com.ridgesoft.io.OutputStreamTee.write(byte[], int, int)
9036 9099 com.ridgesoft.io.DisplayOutputStream.<init>(com.ridgesoft.io.Display)
909d 90aa com.ridgesoft.io.DisplayOutputStream.<clinit>()
90af 90b8 com.ridgesoft.io.DisplayOutputStream.write(byte[])
90bd 910a com.ridgesoft.io.DisplayOutputStream.write(int)
910f 913b com.ridgesoft.io.DisplayOutputStream.flush()
9140 914c com.ridgesoft.io.DisplayOutputStream.write(byte[], int, int)
9150 91ce com.ridgesoft.io.DisplayOutputStream.scroll()
9218 9261 com.ridgesoft.vm.DebugOutputStream.write(int)
9266 926f com.ridgesoft.vm.DebugOutputStream.write(byte[])
927c 929d com.ridgesoft.vm.DebugOutputStream.flush()
92a1 92a6 com.ridgesoft.vm.DebugOutputStream.<clinit>()
92ab 92b7 com.ridgesoft.vm.DebugOutputStream.write(byte[], int, int)
92da 92de com.ridgesoft.vm.VM.getDebugOutputStream()
92ec 92fb com.ridgesoft.vm.VM.<clinit>()
9339 9350 com.ridgesoft.intellibrain.IntelliBrain.getOutputStream()
9354 9397 com.ridgesoft.intellibrain.IntelliBrain.getServo(int)
939b 93af com.ridgesoft.intellibrain.IntelliBrain.getLcdDisplay()
93b3 93ba com.ridgesoft.intellibrain.IntelliBrain.<clinit>()
93c6 946c com.ridgesoft.intellibrain.IntelliBrain.initialize()
949d 94a2 java.lang.System.setOut(java.io.PrintStream)
94a6 94ab java.lang.System.setErr(java.io.PrintStream)
950f 9514 java.lang.Class.getName()
9518 9522 java.lang.Class.<init>(java.lang.String)
9574 958f java.lang.StringBuilder.<init>(java.lang.String)
9594 95bd java.lang.StringBuilder.append(java.lang.String)
95c2 95d3 java.lang.StringBuilder.toString()
95d8 9611 java.lang.StringBuilder.ensureCapacity(int)
9616 9671 java.lang.StringBuilder.append(int)
9676 96a3 java.lang.StringBuilder.append(char[], int, int)
96a7 96b9 java.lang.StringBuilder.<init>()
96e0 9724 java.lang.Integer.toHexString(int)
9729 9731 java.lang.Integer.toString()
9735 9744 java.lang.Integer.toString(int)
9780 978b com.ridgesoft.intellibrain.IntelliBrainServo.<init>(int)
9790 9799 com.ridgesoft.intellibrain.IntelliBrainServo.setPosition(int)
979e 97a7 com.ridgesoft.intellibrain.IntelliBrainServo.off()
980e 9813 com.ridgesoft.io.Display.getWidth()
9818 981d com.ridgesoft.io.Display.getHeight()
9821 9832 com.ridgesoft.io.Display.<init>(int, int)
9837 986b com.ridgesoft.io.Display.print(int, byte[])
98a5 98ad com.ridgesoft.intellibrain.IntelliBrainDisplay.<init>()
98b2 98b9 com.ridgesoft.intellibrain.IntelliBrainDisplay.printChar(int, int, byte)
